// Jest Snapshot v1, https://goo.gl/fbAQLP

exports[`SubscriptionTab component renders correctly to match the snapshot 1`] = `
<SubscriptionTab
  agent={
    Object {
      "id": "000",
    }
  }
  wodleConfiguration={
    Object {
      "office365": Object {
        "api_auth": Array [
          Object {
            "client_id": "your_client_id_test",
            "client_secret": "your_secret_test",
            "tenant_id": "your_tenant_id_test",
          },
        ],
        "curl_max_size": 1024,
        "enabled": "yes",
        "interval": 600,
        "only_future_events": "yes",
        "subscriptions": Array [
          "Audit.AzureActiveDirectory",
          "Audit.Exchange",
          "Audit.SharePoint",
          "Audit.General",
          "DLP.All",
        ],
      },
    }
  }
>
  <WzConfigurationSettingsHeader
    help={
      Array [
        Object {
          "href": "https://documentation.wazuh.com/4.9/cloud-security/office365/index.html",
          "text": "Using Wazuh to monitor Office 365",
        },
        Object {
          "href": "https://documentation.wazuh.com/4.9/user-manual/reference/ossec-conf/office365-module.html",
          "text": "Configuration options for the module",
        },
      ]
    }
    title="Subscriptions list"
  >
    <EuiFlexGroup
      alignItems="center"
    >
      <div
        className="euiFlexGroup euiFlexGroup--gutterLarge euiFlexGroup--alignItemsCenter euiFlexGroup--directionRow euiFlexGroup--responsive"
      >
        <EuiFlexItem>
          <div
            className="euiFlexItem"
          >
            <EuiTitle
              size="s"
            >
              <h2
                className="euiTitle euiTitle--small"
              >
                Subscriptions list
              </h2>
            </EuiTitle>
          </div>
        </EuiFlexItem>
        <EuiFlexItem
          grow={false}
        >
          <div
            className="euiFlexItem euiFlexItem--flexGrowZero"
          >
            <EuiFlexGroup
              alignItems="center"
              gutterSize="none"
              justifyContent="flexEnd"
            >
              <div
                className="euiFlexGroup euiFlexGroup--alignItemsCenter euiFlexGroup--justifyContentFlexEnd euiFlexGroup--directionRow euiFlexGroup--responsive"
              >
                <span>
                  <WzHelpButtonPopover
                    links={
                      Array [
                        Object {
                          "href": "https://documentation.wazuh.com/4.9/cloud-security/office365/index.html",
                          "text": "Using Wazuh to monitor Office 365",
                        },
                        Object {
                          "href": "https://documentation.wazuh.com/4.9/user-manual/reference/ossec-conf/office365-module.html",
                          "text": "Configuration options for the module",
                        },
                      ]
                    }
                  >
                    <EuiPopover
                      anchorPosition="downCenter"
                      button={
                        <EuiButtonEmpty
                          iconSide="left"
                          iconType="questionInCircle"
                          onClick={[Function]}
                        />
                      }
                      closePopover={[Function]}
                      display="inlineBlock"
                      hasArrow={true}
                      id="show-help"
                      isOpen={false}
                      ownFocus={true}
                      panelPaddingSize="m"
                    >
                      <div
                        className="euiPopover euiPopover--anchorDownCenter"
                        id="show-help"
                      >
                        <div
                          className="euiPopover__anchor"
                        >
                          <EuiButtonEmpty
                            iconSide="left"
                            iconType="questionInCircle"
                            onClick={[Function]}
                          >
                            <button
                              className="euiButtonEmpty euiButtonEmpty--primary"
                              disabled={false}
                              onClick={[Function]}
                              type="button"
                            >
                              <EuiButtonContent
                                className="euiButtonEmpty__content"
                                iconSide="left"
                                iconSize="m"
                                iconType="questionInCircle"
                                textProps={
                                  Object {
                                    "className": "euiButtonEmpty__text",
                                  }
                                }
                              >
                                <span
                                  className="euiButtonContent euiButtonEmpty__content"
                                >
                                  <EuiIcon
                                    className="euiButtonContent__icon"
                                    color="inherit"
                                    size="m"
                                    type="questionInCircle"
                                  >
                                    <EuiIconBeaker
                                      aria-hidden={true}
                                      className="euiIcon euiIcon--medium euiIcon--inherit euiIcon-isLoading euiButtonContent__icon"
                                      focusable="false"
                                      role="img"
                                      style={null}
                                    >
                                      <svg
                                        aria-hidden={true}
                                        className="euiIcon euiIcon--medium euiIcon--inherit euiIcon-isLoading euiButtonContent__icon"
                                        focusable="false"
                                        height={16}
                                        role="img"
                                        style={null}
                                        viewBox="0 0 16 16"
                                        width={16}
                                        xmlns="http://www.w3.org/2000/svg"
                                      >
                                        <path
                                          d="M5.277 10.088c.02.014.04.03.057.047.582.55 1.134.812 1.666.812.586 0 1.84-.293 3.713-.88L9 6.212V2H7v4.212l-1.723 3.876Zm-.438.987L3.539 14h8.922l-1.32-2.969C9.096 11.677 7.733 12 7 12c-.74 0-1.463-.315-2.161-.925ZM6 2H5V1h6v1h-1v4l3.375 7.594A1 1 0 0 1 12.461 15H3.54a1 1 0 0 1-.914-1.406L6 6V2Z"
                                        />
                                      </svg>
                                    </EuiIconBeaker>
                                  </EuiIcon>
                                  <span
                                    className="euiButtonEmpty__text"
                                  />
                                </span>
                              </EuiButtonContent>
                            </button>
                          </EuiButtonEmpty>
                        </div>
                      </div>
                    </EuiPopover>
                  </WzHelpButtonPopover>
                </span>
              </div>
            </EuiFlexGroup>
          </div>
        </EuiFlexItem>
      </div>
    </EuiFlexGroup>
    <EuiSpacer
      size="xs"
    >
      <div
        className="euiSpacer euiSpacer--xs"
      />
    </EuiSpacer>
    <EuiHorizontalRule
      margin="none"
      style={
        Object {
          "marginBottom": 16,
        }
      }
    >
      <hr
        className="euiHorizontalRule euiHorizontalRule--full"
        style={
          Object {
            "marginBottom": 16,
          }
        }
      />
    </EuiHorizontalRule>
    <EuiBasicTable
      columns={
        Array [
          Object {
            "field": "subscription",
            "name": "Name",
          },
        ]
      }
      items={
        Array [
          Object {
            "subscription": "Audit.AzureActiveDirectory",
          },
          Object {
            "subscription": "Audit.Exchange",
          },
          Object {
            "subscription": "Audit.SharePoint",
          },
          Object {
            "subscription": "Audit.General",
          },
          Object {
            "subscription": "DLP.All",
          },
        ]
      }
      noItemsMessage="No items found"
      responsive={true}
      tableLayout="fixed"
    >
      <div
        className="euiBasicTable"
      >
        <div>
          <EuiTableHeaderMobile>
            <div
              className="euiTableHeaderMobile"
            >
              <EuiFlexGroup
                alignItems="baseline"
                justifyContent="spaceBetween"
                responsive={false}
              >
                <div
                  className="euiFlexGroup euiFlexGroup--gutterLarge euiFlexGroup--alignItemsBaseline euiFlexGroup--justifyContentSpaceBetween euiFlexGroup--directionRow"
                >
                  <EuiFlexItem
                    grow={false}
                  >
                    <div
                      className="euiFlexItem euiFlexItem--flexGrowZero"
                    />
                  </EuiFlexItem>
                  <EuiFlexItem
                    grow={false}
                  >
                    <div
                      className="euiFlexItem euiFlexItem--flexGrowZero"
                    />
                  </EuiFlexItem>
                </div>
              </EuiFlexGroup>
            </div>
          </EuiTableHeaderMobile>
          <EuiTable
            id="htmlId"
            responsive={true}
            tableLayout="fixed"
          >
            <table
              className="euiTable euiTable--responsive"
              id="htmlId"
              tabIndex={-1}
            >
              <EuiScreenReaderOnly>
                <caption
                  className="euiScreenReaderOnly euiTableCaption"
                >
                  <EuiDelayRender
                    delay={500}
                  />
                </caption>
              </EuiScreenReaderOnly>
              <EuiTableHeader>
                <thead>
                  <tr>
                    <EuiTableHeaderCell
                      align="left"
                      data-test-subj="tableHeaderCell_subscription_0"
                      key="_data_h_subscription_0"
                    >
                      <th
                        className="euiTableHeaderCell"
                        data-test-subj="tableHeaderCell_subscription_0"
                        role="columnheader"
                        scope="col"
                        style={
                          Object {
                            "width": undefined,
                          }
                        }
                      >
                        <CellContents
                          className="euiTableCellContent"
                          showSortMsg={false}
                        >
                          <span
                            className="euiTableCellContent"
                          >
                            <EuiInnerText>
                              <EuiI18n
                                default="{innerText}; {description}"
                                token="euiTableHeaderCell.titleTextWithDesc"
                                values={
                                  Object {
                                    "description": undefined,
                                    "innerText": "Name",
                                  }
                                }
                              >
                                <span
                                  className="euiTableCellContent__text"
                                  title="Name"
                                >
                                  Name
                                </span>
                              </EuiI18n>
                            </EuiInnerText>
                          </span>
                        </CellContents>
                      </th>
                    </EuiTableHeaderCell>
                  </tr>
                </thead>
              </EuiTableHeader>
              <EuiTableBody
                bodyRef={[Function]}
              >
                <tbody>
                  <EuiTableRow
                    isSelected={false}
                  >
                    <tr
                      className="euiTableRow"
                    >
                      <EuiTableRowCell
                        align="left"
                        key="_data_column_subscription_0_0"
                        mobileOptions={
                          Object {
                            "header": "Name",
                            "render": undefined,
                          }
                        }
                        setScopeRow={false}
                        textOnly={true}
                      >
                        <td
                          className="euiTableRowCell"
                          style={
                            Object {
                              "width": undefined,
                            }
                          }
                        >
                          <div
                            className="euiTableRowCell__mobileHeader euiTableRowCell--hideForDesktop"
                          >
                            Name
                          </div>
                          <div
                            className="euiTableCellContent"
                          >
                            <span
                              className="euiTableCellContent__text"
                            >
                              Audit.AzureActiveDirectory
                            </span>
                          </div>
                        </td>
                      </EuiTableRowCell>
                    </tr>
                  </EuiTableRow>
                  <EuiTableRow
                    isSelected={false}
                  >
                    <tr
                      className="euiTableRow"
                    >
                      <EuiTableRowCell
                        align="left"
                        key="_data_column_subscription_1_0"
                        mobileOptions={
                          Object {
                            "header": "Name",
                            "render": undefined,
                          }
                        }
                        setScopeRow={false}
                        textOnly={true}
                      >
                        <td
                          className="euiTableRowCell"
                          style={
                            Object {
                              "width": undefined,
                            }
                          }
                        >
                          <div
                            className="euiTableRowCell__mobileHeader euiTableRowCell--hideForDesktop"
                          >
                            Name
                          </div>
                          <div
                            className="euiTableCellContent"
                          >
                            <span
                              className="euiTableCellContent__text"
                            >
                              Audit.Exchange
                            </span>
                          </div>
                        </td>
                      </EuiTableRowCell>
                    </tr>
                  </EuiTableRow>
                  <EuiTableRow
                    isSelected={false}
                  >
                    <tr
                      className="euiTableRow"
                    >
                      <EuiTableRowCell
                        align="left"
                        key="_data_column_subscription_2_0"
                        mobileOptions={
                          Object {
                            "header": "Name",
                            "render": undefined,
                          }
                        }
                        setScopeRow={false}
                        textOnly={true}
                      >
                        <td
                          className="euiTableRowCell"
                          style={
                            Object {
                              "width": undefined,
                            }
                          }
                        >
                          <div
                            className="euiTableRowCell__mobileHeader euiTableRowCell--hideForDesktop"
                          >
                            Name
                          </div>
                          <div
                            className="euiTableCellContent"
                          >
                            <span
                              className="euiTableCellContent__text"
                            >
                              Audit.SharePoint
                            </span>
                          </div>
                        </td>
                      </EuiTableRowCell>
                    </tr>
                  </EuiTableRow>
                  <EuiTableRow
                    isSelected={false}
                  >
                    <tr
                      className="euiTableRow"
                    >
                      <EuiTableRowCell
                        align="left"
                        key="_data_column_subscription_3_0"
                        mobileOptions={
                          Object {
                            "header": "Name",
                            "render": undefined,
                          }
                        }
                        setScopeRow={false}
                        textOnly={true}
                      >
                        <td
                          className="euiTableRowCell"
                          style={
                            Object {
                              "width": undefined,
                            }
                          }
                        >
                          <div
                            className="euiTableRowCell__mobileHeader euiTableRowCell--hideForDesktop"
                          >
                            Name
                          </div>
                          <div
                            className="euiTableCellContent"
                          >
                            <span
                              className="euiTableCellContent__text"
                            >
                              Audit.General
                            </span>
                          </div>
                        </td>
                      </EuiTableRowCell>
                    </tr>
                  </EuiTableRow>
                  <EuiTableRow
                    isSelected={false}
                  >
                    <tr
                      className="euiTableRow"
                    >
                      <EuiTableRowCell
                        align="left"
                        key="_data_column_subscription_4_0"
                        mobileOptions={
                          Object {
                            "header": "Name",
                            "render": undefined,
                          }
                        }
                        setScopeRow={false}
                        textOnly={true}
                      >
                        <td
                          className="euiTableRowCell"
                          style={
                            Object {
                              "width": undefined,
                            }
                          }
                        >
                          <div
                            className="euiTableRowCell__mobileHeader euiTableRowCell--hideForDesktop"
                          >
                            Name
                          </div>
                          <div
                            className="euiTableCellContent"
                          >
                            <span
                              className="euiTableCellContent__text"
                            >
                              DLP.All
                            </span>
                          </div>
                        </td>
                      </EuiTableRowCell>
                    </tr>
                  </EuiTableRow>
                </tbody>
              </EuiTableBody>
            </table>
          </EuiTable>
        </div>
      </div>
    </EuiBasicTable>
  </WzConfigurationSettingsHeader>
</SubscriptionTab>
`;
