// Jest Snapshot v1, https://goo.gl/fbAQLP

exports[`password input match the snapshopt 1`] = `
<div>
  <div
    class="euiFormRow euiFormRow--fullWidth"
    id="test-id-row"
  >
    <div
      class="euiFormRow__labelWrapper"
    >
      <label
        aria-invalid="false"
        class="euiFormLabel euiFormRow__label"
        for="test-id"
      >
        <div
          class="euiFlexGroup euiFlexGroup--gutterSmall euiFlexGroup--alignItemsCenter euiFlexGroup--directionRow"
        >
          <div
            class="euiFlexItem euiFlexItem--flexGrowZero"
          >
            <span
              class="enrollment-agent-form-input-label"
            >
              Define the server API password
            </span>
          </div>
          <div
            class="euiFlexItem euiFlexItem--flexGrowZero"
          >
            <div
              class="euiPopover euiPopover--anchorRightCenter"
            >
              <div
                class="euiPopover__anchor"
              >
                <button
                  class="euiButtonEmpty euiButtonEmpty--primary"
                  style="flex-direction: row; font-style: normal; font-weight: 700;"
                  type="button"
                >
                  <span
                    class="euiButtonContent euiButtonEmpty__content"
                  >
                    <span
                      class="euiButtonContent__icon"
                      color="inherit"
                      data-euiicon-type="questionInCircle"
                    />
                    <span
                      class="euiButtonEmpty__text"
                    />
                  </span>
                </button>
              </div>
            </div>
          </div>
        </div>
      </label>
    </div>
    <div
      class="euiFormRow__fieldWrapper"
    >
      <div
        class="euiFlexGroup euiFlexGroup--gutterLarge euiFlexGroup--directionRow"
      >
        <div
          class="euiFlexItem"
        >
          <div
            class="euiFormControlLayout euiFormControlLayout--group"
          >
            <div
              class="euiFormControlLayout__childrenWrapper"
            >
              <input
                class="euiFieldPassword euiFieldPassword--inGroup euiFieldPassword--withToggle"
                placeholder="Server API password"
                spellcheck="false"
                type="password"
                value=""
              />
              <div
                class="euiFormControlLayoutIcons"
              >
                <span
                  class="euiFormControlLayoutCustomIcon"
                >
                  <span
                    aria-hidden="true"
                    class="euiFormControlLayoutCustomIcon__icon"
                    data-euiicon-type="lock"
                  />
                </span>
              </div>
            </div>
            <button
              aria-label="Show password as plain text. Note: this will visually expose your password on the screen."
              class="euiButtonIcon euiButtonIcon--primary euiButtonIcon--empty euiButtonIcon--xSmall euiFormControlLayout__append"
              title="Show password as plain text. Note: this will visually expose your password on the screen."
              type="button"
            >
              <span
                aria-hidden="true"
                class="euiButtonIcon__icon"
                color="inherit"
                data-euiicon-type="eye"
              />
            </button>
          </div>
        </div>
      </div>
    </div>
  </div>
</div>
`;
