// Jest Snapshot v1, https://goo.gl/fbAQLP

exports[`password input match the snapshopt 1`] = `
<div>
  <div
    class="euiFormRow euiFormRow--fullWidth"
    id="test-id-row"
  >
    <div
      class="euiFormRow__labelWrapper"
    >
      <label
        aria-invalid="false"
        class="euiFormLabel euiFormRow__label"
        for="test-id"
      >
        <div
          class="euiFlexGroup euiFlexGroup--gutterSmall euiFlexGroup--alignItemsCenter euiFlexGroup--directionRow"
        >
          <div
            class="euiFlexItem euiFlexItem--flexGrowZero"
          >
            <span
              class="enrollment-agent-form-input-label"
            >
              Define the server API username
            </span>
          </div>
          <div
            class="euiFlexItem euiFlexItem--flexGrowZero"
          >
            <div
              class="euiPopover euiPopover--anchorRightCenter"
            >
              <div
                class="euiPopover__anchor"
              >
                <button
                  class="euiButtonEmpty euiButtonEmpty--primary"
                  style="flex-direction: row; font-style: normal; font-weight: 700;"
                  type="button"
                >
                  <span
                    class="euiButtonContent euiButtonEmpty__content"
                  >
                    <span
                      class="euiButtonContent__icon"
                      color="inherit"
                      data-euiicon-type="questionInCircle"
                    />
                    <span
                      class="euiButtonEmpty__text"
                    />
                  </span>
                </button>
              </div>
            </div>
          </div>
        </div>
      </label>
    </div>
    <div
      class="euiFormRow__fieldWrapper"
    >
      <div
        class="euiFlexGroup euiFlexGroup--gutterLarge euiFlexGroup--directionRow"
      >
        <div
          class="euiFlexItem"
        >
          <div
            class="euiFormControlLayout"
          >
            <div
              class="euiFormControlLayout__childrenWrapper"
            >
              <input
                class="euiFieldText"
                placeholder="Server API username"
                type="text"
                value=""
              />
            </div>
          </div>
        </div>
      </div>
    </div>
  </div>
</div>
`;
