// Jest Snapshot v1, https://goo.gl/fbAQLP

exports[`AgentUpgradesInProgress component should return the component 1`] = `
<div>
  <div
    class="euiPanel euiPanel--paddingMedium euiPanel--borderRadiusMedium euiPanel--subdued euiPanel--noShadow euiPanel--noBorder"
  >
    <div
      class="euiFlexGroup euiFlexGroup--gutterSmall euiFlexGroup--alignItemsFlexStart euiFlexGroup--directionRow"
    >
      <div
        class="euiFlexGroup euiFlexGroup--gutterSmall euiFlexGroup--alignItemsCenter euiFlexGroup--directionRow"
      >
        <div
          class="euiFlexItem euiFlexItem--flexGrowZero"
        >
          <div
            class="euiText euiText--medium"
          >
            Upgrade tasks
          </div>
        </div>
        <div
          class="euiFlexItem euiFlexItem--flexGrowZero"
        >
          <button
            class="euiButtonEmpty euiButtonEmpty--primary"
            type="button"
          >
            <span
              class="euiButtonContent euiButtonEmpty__content"
            >
              <svg
                aria-hidden="true"
                class="euiIcon euiIcon--medium euiIcon--inherit euiIcon-isLoading euiButtonContent__icon"
                focusable="false"
                height="16"
                role="img"
                viewBox="0 0 16 16"
                width="16"
                xmlns="http://www.w3.org/2000/svg"
              >
                <path
                  d="M5.277 10.088c.02.014.04.03.057.047.582.55 1.134.812 1.666.812.586 0 1.84-.293 3.713-.88L9 6.212V2H7v4.212l-1.723 3.876Zm-.438.987L3.539 14h8.922l-1.32-2.969C9.096 11.677 7.733 12 7 12c-.74 0-1.463-.315-2.161-.925ZM6 2H5V1h6v1h-1v4l3.375 7.594A1 1 0 0 1 12.461 15H3.54a1 1 0 0 1-.914-1.406L6 6V2Z"
                />
              </svg>
              <span
                class="euiButtonEmpty__text"
              >
                Task details
              </span>
            </span>
          </button>
        </div>
      </div>
      <div
        class="euiFlexItem euiFlexItem--flexGrowZero"
      >
        <button
          aria-label="Close"
          class="euiButtonIcon euiButtonIcon--text euiButtonIcon--empty euiButtonIcon--xSmall"
          type="button"
        >
          <svg
            aria-hidden="true"
            class="euiIcon euiIcon--medium euiIcon--inherit euiIcon-isLoading euiButtonIcon__icon"
            focusable="false"
            height="16"
            role="img"
            viewBox="0 0 16 16"
            width="16"
            xmlns="http://www.w3.org/2000/svg"
          >
            <path
              d="M5.277 10.088c.02.014.04.03.057.047.582.55 1.134.812 1.666.812.586 0 1.84-.293 3.713-.88L9 6.212V2H7v4.212l-1.723 3.876Zm-.438.987L3.539 14h8.922l-1.32-2.969C9.096 11.677 7.733 12 7 12c-.74 0-1.463-.315-2.161-.925ZM6 2H5V1h6v1h-1v4l3.375 7.594A1 1 0 0 1 12.461 15H3.54a1 1 0 0 1-.914-1.406L6 6V2Z"
            />
          </svg>
        </button>
      </div>
    </div>
    <div
      class="euiSpacer euiSpacer--s"
    />
    <div
      class="euiFlexGroup euiFlexGroup--gutterSmall euiFlexGroup--alignItemsCenter euiFlexGroup--directionRow euiFlexGroup--responsive"
    >
      <div
        class="euiFlexItem euiFlexItem--flexGrowZero"
      >
        <div
          class="euiPanel euiPanel--paddingSmall euiPanel--borderRadiusMedium euiPanel--plain euiPanel--hasShadow"
          style="position: relative;"
        >
          <div
            class="euiProgress euiProgress--indeterminate euiProgress--xs euiProgress--warning euiProgress--absolute"
          />
          <div
            class="euiText euiText--small"
          >
            <b>
              5
            </b>
             In progress
          </div>
        </div>
      </div>
      <div
        class="euiFlexItem euiFlexItem--flexGrowZero"
      >
        <div
          class="euiPanel euiPanel--paddingSmall euiPanel--borderRadiusMedium euiPanel--plain euiPanel--hasShadow"
          style="position: relative;"
        >
          <progress
            aria-hidden="false"
            class="euiProgress euiProgress--native euiProgress--xs euiProgress--danger euiProgress--absolute"
            max="100"
            value="100"
          />
          <span>
            <div
              class="euiText euiText--small"
            >
              <b>
                2
              </b>
               Failed 
              <span
                class="euiToolTipAnchor"
              >
                <svg
                  aria-hidden="true"
                  aria-label="Info"
                  class="euiIcon euiIcon--medium euiIcon--primary euiIcon-isLoading"
                  focusable="true"
                  height="16"
                  role="img"
                  tabindex="0"
                  viewBox="0 0 16 16"
                  width="16"
                  xmlns="http://www.w3.org/2000/svg"
                >
                  <path
                    d="M5.277 10.088c.02.014.04.03.057.047.582.55 1.134.812 1.666.812.586 0 1.84-.293 3.713-.88L9 6.212V2H7v4.212l-1.723 3.876Zm-.438.987L3.539 14h8.922l-1.32-2.969C9.096 11.677 7.733 12 7 12c-.74 0-1.463-.315-2.161-.925ZM6 2H5V1h6v1h-1v4l3.375 7.594A1 1 0 0 1 12.461 15H3.54a1 1 0 0 1-.914-1.406L6 6V2Z"
                  />
                </svg>
              </span>
            </div>
          </span>
        </div>
      </div>
    </div>
  </div>
</div>
`;
