// Jest Snapshot v1, https://goo.gl/fbAQLP

exports[`SearchBar component Renders correctly to match the snapshot of query language 1`] = `
<div>
  <div>
    <div
      class="euiSuggestInput"
    >
      <div
        class="euiPopover euiPopover--anchorDownLeft euiPopover--displayBlock euiInputPopover euiInputPopover--fullWidth"
        id="popover"
      >
        <div
          class="euiPopover__anchor"
        >
          <div>
            <div
              class="euiFormControlLayout euiFormControlLayout--fullWidth euiFormControlLayout--group"
            >
              <div
                class="euiPopover euiPopover--anchorDownCenter euiFormControlLayout__prepend"
              >
                <div
                  class="euiPopover__anchor"
                >
                  <button
                    class="euiButtonEmpty euiButtonEmpty--primary"
                    type="button"
                  >
                    <span
                      class="euiButtonContent euiButtonEmpty__content"
                    >
                      <svg
                        aria-hidden="true"
                        class="euiIcon euiIcon--medium euiIcon--inherit euiIcon-isLoading euiButtonContent__icon"
                        focusable="false"
                        height="16"
                        role="img"
                        viewBox="0 0 16 16"
                        width="16"
                        xmlns="http://www.w3.org/2000/svg"
                      >
                        <path
                          d="M5.277 10.088c.02.014.04.03.057.047.582.55 1.134.812 1.666.812.586 0 1.84-.293 3.713-.88L9 6.212V2H7v4.212l-1.723 3.876Zm-.438.987L3.539 14h8.922l-1.32-2.969C9.096 11.677 7.733 12 7 12c-.74 0-1.463-.315-2.161-.925ZM6 2H5V1h6v1h-1v4l3.375 7.594A1 1 0 0 1 12.461 15H3.54a1 1 0 0 1-.914-1.406L6 6V2Z"
                        />
                      </svg>
                      <span
                        class="euiButtonEmpty__text"
                      >
                        <span
                          class="euiCodeBlock euiCodeBlock--fontSmall euiCodeBlock--paddingLarge euiCodeBlock--inline prismjs language-none"
                        >
                          <code
                            class="euiCodeBlock__code"
                          >
                            id!=000;
                          </code>
                        </span>
                      </span>
                    </span>
                  </button>
                </div>
              </div>
              <div
                class="euiFormControlLayout__childrenWrapper"
              >
                <input
                  class="euiFieldText euiFieldText--fullWidth euiFieldText--inGroup"
                  placeholder="Search"
                  type="text"
                  value=""
                />
              </div>
              <div
                class="euiPopover euiPopover--anchorDownCenter euiFormControlLayout__append"
              >
                <div
                  class="euiPopover__anchor"
                >
                  <button
                    class="euiButtonEmpty euiButtonEmpty--primary"
                    type="button"
                  >
                    <span
                      class="euiButtonContent euiButtonEmpty__content"
                    >
                      <span
                        class="euiButtonEmpty__text"
                      >
                        AQL
                      </span>
                    </span>
                  </button>
                </div>
              </div>
            </div>
          </div>
        </div>
      </div>
    </div>
  </div>
</div>
`;
