// Jest Snapshot v1, https://goo.gl/fbAQLP

exports[`Group main component renders correctly to match the snapshot 1`] = `
<ContextProvider
  value={
    Object {
      "store": Object {
        "clearActions": [Function],
        "dispatch": [Function],
        "getActions": [Function],
        "getState": [Function],
        "replaceReducer": [Function],
        "subscribe": [Function],
      },
      "subscription": Object {
        "addNestedSub": [Function],
        "getListeners": [Function],
        "handleChangeWrapper": [Function],
        "isSubscribed": [Function],
        "notifyNestedSubs": [Function],
        "onStateChange": [Function],
        "trySubscribe": [Function],
        "tryUnsubscribe": [Function],
      },
    }
  }
>
  <Connect(Component)
    configurationProps={
      Object {
        "agent": Object {
          "id": "000",
        },
      }
    }
    logtestProps={
      Object {
        "onFlyout": true,
        "showClose": true,
      }
    }
    section="groups"
    state={
      Object {
        "section": "",
      }
    }
  />
</ContextProvider>
`;
