// Jest Snapshot v1, https://goo.gl/fbAQLP

exports[`ToolDevTools (integration) renders and matches snapshot (initial state) 1`] = `
<div>
  <div
    class="euiTabs euiTabs--small"
    role="tablist"
  >
    <button
      aria-selected="true"
      class="euiTab euiTab-isSelected"
      role="tab"
      type="button"
    >
      <span
        class="euiTab__content"
      >
        Console
      </span>
    </button>
  </div>
  <div
    class="euiFlexGroup euiFlexGroup--directionColumn euiFlexGroup--responsive wz-dev-tools"
    style="padding: 8px; margin: 0px; --col-separator-width: 14px; --col-left-width: 46.5%; --col-right-width: calc(100% - var(--col-left-width));"
  >
    <div
      class="euiFlexItem"
    >
      <div
        class="euiFlexGroup euiFlexGroup--directionRow euiFlexGroup--responsive"
      >
        <div
          class="euiFlexItem"
        >
          <div
            class="euiTabs euiTabs--small"
            role="tablist"
          >
            <button
              aria-selected="false"
              class="euiTab"
              data-test-subj="consoleExportButton"
              role="tab"
              title="Export"
              type="button"
            >
              <span
                class="euiTab__content"
              >
                Export
              </span>
            </button>
            <button
              aria-selected="false"
              class="euiTab"
              data-test-subj="consoleApiReferenceButton"
              role="tab"
              title="API Reference"
              type="button"
            >
              <span
                class="euiTab__content"
              >
                API Reference
              </span>
            </button>
          </div>
        </div>
        <div
          class="euiFlexItem"
        >
          <div
            class="euiFlexGroup euiFlexGroup--alignItemsCenter euiFlexGroup--justifyContentFlexEnd euiFlexGroup--directionRow euiFlexGroup--responsive"
            style="gap: 8px;"
          />
        </div>
      </div>
      <div
        class="euiFlexGroup euiFlexGroup--directionRow euiFlexGroup--responsive"
      >
        <div
          class="euiFlexGroup euiFlexGroup--directionColumn euiFlexGroup--responsive"
          id="wz-dev-tools-editor--left-column"
        >
          <div
            class="euiFlexGroup euiFlexGroup--justifyContentFlexEnd euiFlexGroup--directionRow euiFlexGroup--responsive"
            id="wz-dev-tools-buttons"
          >
            <svg
              aria-hidden="true"
              aria-labelledby="i1f11de00-87f4-11f0-92ea-ed24b11584c8"
              class="euiIcon euiIcon--medium euiIcon--success euiIcon-isLoading"
              focusable="false"
              height="16"
              id="wz-dev-tools-buttons--send-request"
              role="img"
              viewBox="0 0 16 16"
              width="16"
              xmlns="http://www.w3.org/2000/svg"
            >
              <title
                id="i1f11de00-87f4-11f0-92ea-ed24b11584c8"
              >
                Send request
              </title>
              <path
                d="M5.277 10.088c.02.014.04.03.057.047.582.55 1.134.812 1.666.812.586 0 1.84-.293 3.713-.88L9 6.212V2H7v4.212l-1.723 3.876Zm-.438.987L3.539 14h8.922l-1.32-2.969C9.096 11.677 7.733 12 7 12c-.74 0-1.463-.315-2.161-.925ZM6 2H5V1h6v1h-1v4l3.375 7.594A1 1 0 0 1 12.461 15H3.54a1 1 0 0 1-.914-1.406L6 6V2Z"
              />
            </svg>
            <a
              href=""
              id="wz-dev-tools-buttons--go-to-api-reference"
              target="__blank"
            >
              <svg
                aria-hidden="true"
                class="euiIcon euiIcon--medium euiIcon-isLoading"
                focusable="false"
                height="16"
                role="img"
                viewBox="0 0 16 16"
                width="16"
                xmlns="http://www.w3.org/2000/svg"
              >
                <path
                  d="M5.277 10.088c.02.014.04.03.057.047.582.55 1.134.812 1.666.812.586 0 1.84-.293 3.713-.88L9 6.212V2H7v4.212l-1.723 3.876Zm-.438.987L3.539 14h8.922l-1.32-2.969C9.096 11.677 7.733 12 7 12c-.74 0-1.463-.315-2.161-.925ZM6 2H5V1h6v1h-1v4l3.375 7.594A1 1 0 0 1 12.461 15H3.54a1 1 0 0 1-.914-1.406L6 6V2Z"
                />
              </svg>
            </a>
          </div>
          <textarea
            id="wz-dev-tools-editor--input"
            style="display: none;"
          />
        </div>
        <div
          aria-orientation="vertical"
          id="wz-dev-tools-editor--separator"
          role="separator"
        >
          <svg
            aria-hidden="true"
            class="euiIcon euiIcon--medium euiIcon-isLoaded"
            focusable="false"
            height="16"
            role="img"
            viewBox="0 0 16 16"
            width="16"
            xmlns="http://www.w3.org/2000/svg"
          >
            <path
              d="M6 2.5c0-.276.232-.5.5-.5.276 0 .5.229.5.5v11c0 .276-.232.5-.5.5a.503.503 0 0 1-.5-.5v-11Zm3 0c0-.276.232-.5.5-.5.276 0 .5.229.5.5v11c0 .276-.232.5-.5.5a.503.503 0 0 1-.5-.5v-11Z"
              fill-rule="evenodd"
            />
          </svg>
        </div>
        <div
          class="euiFlexGroup euiFlexGroup--directionColumn euiFlexGroup--responsive"
          id="wz-dev-tools-editor--right-column"
          style="flex-grow: 1;"
        >
          <textarea
            id="wz-dev-tools-editor--output"
            style="display: none;"
          />
        </div>
      </div>
    </div>
  </div>
</div>
`;
