// Jest Snapshot v1, https://goo.gl/fbAQLP

exports[`WzConfigurationOffice365 component renders correctly to match the snapshot 1`] = `
<ContextProvider
  value={
    Object {
      "store": Object {
        "clearActions": [Function],
        "dispatch": [Function],
        "getActions": [Function],
        "getState": [Function],
        "replaceReducer": [Function],
        "subscribe": [Function],
      },
      "subscription": Object {
        "addNestedSub": [Function],
        "getListeners": [Function],
        "handleChangeWrapper": [Function],
        "isSubscribed": [Function],
        "notifyNestedSubs": [Function],
        "onStateChange": [Function],
        "trySubscribe": [Function],
        "tryUnsubscribe": [Function],
      },
    }
  }
>
  <Connect(WithLoading(Component))
    agent={
      Object {
        "id": "000",
      }
    }
    currentConfig="master-test-node"
    updateBadge={[Function]}
    updateConfigurationSection={[Function]}
  />
</ContextProvider>
`;
