// Jest Snapshot v1, https://goo.gl/fbAQLP

exports[`Status component renders correctly to match the snapshot 1`] = `
<div>
  <div
    class="withUserLogged"
  >
    <img
      alt=""
      class="withUserLogged-logo"
      src="/plugins/wazuh/assets/images/themes/light/logo.svg"
    />
    <div
      class="euiSpacer euiSpacer--s"
    />
    <div
      class="euiText euiText--medium subdued-color"
    >
      Loading ...
    </div>
    <div
      class="euiSpacer euiSpacer--s"
    />
    <div
      class="euiProgress euiProgress--indeterminate euiProgress--xs euiProgress--primary withUserLogged-loader"
    />
  </div>
</div>
`;
