// Jest Snapshot v1, https://goo.gl/fbAQLP

exports[`WzConfigurationOffice365 component renders correctly to match the snapshot 1`] = `
<ContextProvider
  value={
    Object {
      "store": Object {
        "clearActions": [Function],
        "dispatch": [Function],
        "getActions": [Function],
        "getState": [Function],
        "replaceReducer": [Function],
        "subscribe": [Function],
      },
      "subscription": Subscription {
        "handleChangeWrapper": [Function],
        "listeners": Object {
          "notify": [Function],
        },
        "onStateChange": [Function],
        "parentSub": undefined,
        "store": Object {
          "clearActions": [Function],
          "dispatch": [Function],
          "getActions": [Function],
          "getState": [Function],
          "replaceReducer": [Function],
          "subscribe": [Function],
        },
        "unsubscribe": null,
      },
    }
  }
>
  <Connect(WithLoading(Component))
    agent={
      Object {
        "id": "000",
      }
    }
    currentConfig="master-test-node"
    updateBadge={[Function]}
    updateConfigurationSection={[Function]}
  />
</ContextProvider>
`;
