// Jest Snapshot v1, https://goo.gl/fbAQLP

exports[`DismissNotificationCheck component should render the check 1`] = `
<div>
  <div
    class="euiCheckbox"
  >
    <input
      class="euiCheckbox__input"
      id="check-dismiss"
      type="checkbox"
    />
    <div
      class="euiCheckbox__square"
    />
    <label
      class="euiCheckbox__label"
      for="check-dismiss"
    >
      <span>
        I don't want to know about future releases
      </span>
    </label>
  </div>
</div>
`;

exports[`DismissNotificationCheck component should return null when is loading 1`] = `<div />`;

exports[`DismissNotificationCheck component should return null when there is an error 1`] = `<div />`;
