// Jest Snapshot v1, https://goo.gl/fbAQLP

exports[`CurrentUpdateDetails component should render the current update tag and links to the Relese Notes and the Upgrade Guide 1`] = `
<div>
  <div
    class="euiCallOut euiCallOut--warning"
  >
    <div
      class="euiCallOutHeader"
    >
      <svg
        aria-hidden="true"
        class="euiIcon euiIcon--medium euiIcon--inherit euiIcon-isLoading euiCallOutHeader__icon"
        focusable="false"
        height="16"
        role="img"
        viewBox="0 0 16 16"
        width="16"
        xmlns="http://www.w3.org/2000/svg"
      />
      <span
        class="euiCallOutHeader__title"
      >
        <div
          class="euiFlexGroup euiFlexGroup--gutterMedium euiFlexGroup--directionRow euiFlexGroup--responsive"
        >
          <div
            class="euiFlexItem euiFlexItem--flexGrowZero"
            style="max-width: max-content;"
          >
            Wazuh new release is available now!
          </div>
          <div
            class="euiFlexItem euiFlexItem--flexGrowZero"
            style="max-width: max-content;"
          >
            <span
              class="euiBadge euiBadge--iconLeft"
              style="background-color: rgb(211, 218, 230); color: rgb(0, 0, 0);"
              title="4.2.6"
            >
              <span
                class="euiBadge__content"
              >
                <span
                  class="euiBadge__text"
                >
                  4.2.6
                </span>
              </span>
            </span>
          </div>
        </div>
      </span>
    </div>
    <div
      class="euiText euiText--small"
    >
      <div
        class="euiTextColor euiTextColor--default"
      >
        <div
          class="euiFlexGroup euiFlexGroup--gutterMedium euiFlexGroup--directionRow euiFlexGroup--responsive"
        >
          <div
            class="euiFlexItem euiFlexItem--flexGrowZero"
            style="max-width: max-content;"
          >
            <a
              class="euiButtonEmpty euiButtonEmpty--primary euiHeaderLink euiHeaderLink-isActive"
              href="https://documentation.wazuh.com/4.2/release-notes/release-4-2-6.html"
              rel="noopener noreferrer"
              target="_blank"
            >
              <span
                class="euiButtonContent euiButtonContent--iconRight euiButtonEmpty__content"
              >
                <svg
                  aria-hidden="true"
                  class="euiIcon euiIcon--medium euiIcon--inherit euiIcon-isLoading euiButtonContent__icon"
                  focusable="false"
                  height="16"
                  role="img"
                  viewBox="0 0 16 16"
                  width="16"
                  xmlns="http://www.w3.org/2000/svg"
                />
                <span
                  class="euiButtonEmpty__text"
                >
                  Release notes
                </span>
              </span>
            </a>
          </div>
          <div
            class="euiFlexItem euiFlexItem--flexGrowZero"
            style="max-width: max-content;"
          >
            <a
              class="euiButtonEmpty euiButtonEmpty--primary euiHeaderLink euiHeaderLink-isActive"
              href="https://documentation.wazuh.com/4.2/upgrade-guide/index.html"
              rel="noopener noreferrer"
              target="_blank"
            >
              <span
                class="euiButtonContent euiButtonContent--iconRight euiButtonEmpty__content"
              >
                <svg
                  aria-hidden="true"
                  class="euiIcon euiIcon--medium euiIcon--inherit euiIcon-isLoading euiButtonContent__icon"
                  focusable="false"
                  height="16"
                  role="img"
                  viewBox="0 0 16 16"
                  width="16"
                  xmlns="http://www.w3.org/2000/svg"
                />
                <span
                  class="euiButtonEmpty__text"
                >
                  Upgrade guide
                </span>
              </span>
            </a>
          </div>
        </div>
        <div
          class="euiSpacer euiSpacer--m"
        />
        <div
          class="euiAccordion"
        >
          <div
            class="euiAccordion__triggerWrapper"
          >
            <button
              aria-controls="accordionUpdateDetails"
              aria-expanded="false"
              class="euiAccordion__button"
              id="htmlId"
              type="button"
            >
              <span
                class="euiAccordion__iconWrapper"
              >
                <svg
                  aria-hidden="true"
                  class="euiIcon euiIcon--medium euiIcon-isLoading euiAccordion__icon"
                  focusable="false"
                  height="16"
                  role="img"
                  viewBox="0 0 16 16"
                  width="16"
                  xmlns="http://www.w3.org/2000/svg"
                />
              </span>
              <span
                class="euiIEFlexWrapFix"
              >
                Show details
              </span>
            </button>
          </div>
          <div
            aria-labelledby="htmlId"
            class="euiAccordion__childWrapper"
            id="accordionUpdateDetails"
            role="region"
            tabindex="-1"
          >
            <div>
              <div
                class="euiAccordion__padding--m"
              >
                <div
                  class="euiText euiText--medium"
                >
                  <p>
                    Wazuh 4.2.6 is now available. This version includes several bug fixes and improvements.
                  </p>
                </div>
              </div>
            </div>
          </div>
        </div>
      </div>
    </div>
  </div>
</div>
`;

exports[`CurrentUpdateDetails component should return null when there is no current update 1`] = `<div />`;
