// Jest Snapshot v1, https://goo.gl/fbAQLP

exports[`DismissNotificationCheck component should render the check 1`] = `
<div>
  <div
    class="euiCheckbox"
  >
    <input
      class="euiCheckbox__input"
      id="check-dismiss"
      type="checkbox"
    />
    <div
      class="euiCheckbox__square"
    />
    <label
      class="euiCheckbox__label"
      for="check-dismiss"
    >
      <span>
        Disable updates notifications
         
        <span
          class="euiToolTipAnchor"
        >
          <svg
            aria-hidden="true"
            class="euiIcon euiIcon--medium euiIcon--primary euiIcon-isLoading"
            focusable="false"
            height="16"
            role="img"
            viewBox="0 0 16 16"
            width="16"
            xmlns="http://www.w3.org/2000/svg"
          >
            <path
              d="M5.277 10.088c.02.014.04.03.057.047.582.55 1.134.812 1.666.812.586 0 1.84-.293 3.713-.88L9 6.212V2H7v4.212l-1.723 3.876Zm-.438.987L3.539 14h8.922l-1.32-2.969C9.096 11.677 7.733 12 7 12c-.74 0-1.463-.315-2.161-.925ZM6 2H5V1h6v1h-1v4l3.375 7.594A1 1 0 0 1 12.461 15H3.54a1 1 0 0 1-.914-1.406L6 6V2Z"
            />
          </svg>
        </span>
      </span>
    </label>
  </div>
</div>
`;

exports[`DismissNotificationCheck component should return null when there is an error 1`] = `<div />`;
