// Jest Snapshot v1, https://goo.gl/fbAQLP

exports[`Health Check container should render a Health check screen 1`] = `
<div
  className="health-check"
>
  <img
    alt=""
    className="health-check-logo"
    src="/plugins/wazuh/assets/images/themes/light/logo.svg"
  />
  <div
    className="margin-top-30"
  >
    <EuiDescriptionList
      align="center"
      textStyle="reverse"
      type="column"
    >
      <CheckResult
        awaitFor={Array []}
        canRetry={true}
        checksReady={Object {}}
        cleanErrors={[Function]}
        cleanWarnings={[Function]}
        handleCheckReady={[Function]}
        handleErrors={[Function]}
        handleWarnings={[Function]}
        isLoading={false}
        key="health_check_check_api"
        name="api"
        shouldCheck={true}
        showLogButton={false}
        title="Check Wazuh API connection"
        validationService={[Function]}
      />
      <CheckResult
        awaitFor={
          Array [
            "api",
          ]
        }
        checksReady={Object {}}
        cleanErrors={[Function]}
        cleanWarnings={[Function]}
        handleCheckReady={[Function]}
        handleErrors={[Function]}
        handleWarnings={[Function]}
        isLoading={false}
        key="health_check_check_setup"
        name="setup"
        shouldCheck={true}
        showLogButton={false}
        title="Check Wazuh API version"
        validationService={[Function]}
      />
      <CheckResult
        awaitFor={Array []}
        canRetry={true}
        checksReady={Object {}}
        cleanErrors={[Function]}
        cleanWarnings={[Function]}
        handleCheckReady={[Function]}
        handleErrors={[Function]}
        handleWarnings={[Function]}
        isLoading={false}
        key="health_check_check_pattern"
        name="pattern"
        shouldCheck={true}
        showLogButton={false}
        title="Check alerts index pattern"
        validationService={[Function]}
      />
      <CheckResult
        awaitFor={Array []}
        canRetry={true}
        checksReady={Object {}}
        cleanErrors={[Function]}
        cleanWarnings={[Function]}
        handleCheckReady={[Function]}
        handleErrors={[Function]}
        handleWarnings={[Function]}
        isLoading={false}
        key="health_check_check_patternMonitoring"
        name="patternMonitoring"
        shouldCheck={true}
        showLogButton={false}
        title="Check monitoring index pattern"
        validationService={[Function]}
      />
      <CheckResult
        awaitFor={Array []}
        canRetry={true}
        checksReady={Object {}}
        cleanErrors={[Function]}
        cleanWarnings={[Function]}
        handleCheckReady={[Function]}
        handleErrors={[Function]}
        handleWarnings={[Function]}
        isLoading={false}
        key="health_check_check_patternStatistics"
        name="patternStatistics"
        shouldCheck={true}
        showLogButton={false}
        title="Check statistics index pattern"
        validationService={[Function]}
      />
      <CheckResult
        awaitFor={Array []}
        canRetry={true}
        checksReady={Object {}}
        cleanErrors={[Function]}
        cleanWarnings={[Function]}
        handleCheckReady={[Function]}
        handleErrors={[Function]}
        handleWarnings={[Function]}
        isLoading={false}
        key="health_check_check_vulnerabilities.pattern"
        name="vulnerabilities.pattern"
        shouldCheck={true}
        showLogButton={false}
        title="Check vulnerabilities index pattern"
        validationService={[Function]}
      />
      <CheckResult
        awaitFor={Array []}
        canRetry={true}
        checksReady={Object {}}
        cleanErrors={[Function]}
        cleanWarnings={[Function]}
        handleCheckReady={[Function]}
        handleErrors={[Function]}
        handleWarnings={[Function]}
        isLoading={false}
        key="health_check_check_fim.pattern"
        name="fim.pattern"
        shouldCheck={true}
        showLogButton={false}
        title="Check fim index pattern"
        validationService={[Function]}
      />
    </EuiDescriptionList>
  </div>
  <EuiSpacer
    size="xl"
  />
</div>
`;
