// Jest Snapshot v1, https://goo.gl/fbAQLP

exports[`WzConfigurationAlerts component mount OK renders correctly to match the snapshot 1`] = `
<ContextProvider
  value={
    Object {
      "store": Object {
        "clearActions": [Function],
        "dispatch": [Function],
        "getActions": [Function],
        "getState": [Function],
        "replaceReducer": [Function],
        "subscribe": [Function],
      },
      "subscription": Subscription {
        "handleChangeWrapper": [Function],
        "listeners": Object {
          "notify": [Function],
        },
        "onStateChange": [Function],
        "parentSub": undefined,
        "store": Object {
          "clearActions": [Function],
          "dispatch": [Function],
          "getActions": [Function],
          "getState": [Function],
          "replaceReducer": [Function],
          "subscribe": [Function],
        },
        "unsubscribe": null,
      },
    }
  }
>
  <Connect(WithLoading(Connect(WzConfigurationAlerts)))
    agent={
      Object {
        "id": "000",
      }
    }
    clusterNodeSelected="master-node"
    currentConfig={
      Object {
        "analysis-alerts": Object {
          "alerts": Object {
            "email_alert_level": 12,
            "log_alert_level": 3,
          },
        },
        "analysis-labels": Object {
          "labels": Array [],
        },
        "csyslog-csyslog": "Fetch configuration. 3013 - Error connecting with socket",
        "mail-alerts": "Fetch configuration. 3013 - Error connecting with socket",
        "monitor-reports": Object {},
      }
    }
    refreshTime={false}
    wazuhNotReadyYet=""
  />
</ContextProvider>
`;
