// Jest Snapshot v1, https://goo.gl/fbAQLP

exports[`Export Table Csv component renders correctly to match the snapshot 1`] = `
<ExportTableCsv
  endpoint="/"
  filters={Array []}
  title=""
  totalItems={0}
>
  <EuiFlexItem
    grow={false}
  >
    <div
      className="euiFlexItem euiFlexItem--flexGrowZero"
    >
      <EuiButtonEmpty
        iconType="importAction"
        isDisabled={true}
        onClick={[Function]}
      >
        <button
          className="euiButtonEmpty euiButtonEmpty--primary euiButtonEmpty-isDisabled"
          disabled={true}
          onClick={[Function]}
          type="button"
        >
          <EuiButtonContent
            className="euiButtonEmpty__content"
            iconSide="left"
            iconType="importAction"
            textProps={
              Object {
                "className": "euiButtonEmpty__text",
              }
            }
          >
            <span
              className="euiButtonContent euiButtonEmpty__content"
            >
              <EuiIcon
                className="euiButtonContent__icon"
                size="m"
                type="importAction"
              >
                <EuiIconEmpty
                  aria-hidden={true}
                  className="euiIcon euiIcon--medium euiIcon-isLoading euiButtonContent__icon"
                  focusable="false"
                  role="img"
                  style={null}
                >
                  <svg
                    aria-hidden={true}
                    className="euiIcon euiIcon--medium euiIcon-isLoading euiButtonContent__icon"
                    focusable="false"
                    height={16}
                    role="img"
                    style={null}
                    viewBox="0 0 16 16"
                    width={16}
                    xmlns="http://www.w3.org/2000/svg"
                  />
                </EuiIconEmpty>
              </EuiIcon>
              <span
                className="euiButtonEmpty__text"
              >
                Export formatted
              </span>
            </span>
          </EuiButtonContent>
        </button>
      </EuiButtonEmpty>
    </div>
  </EuiFlexItem>
</ExportTableCsv>
`;
