// Jest Snapshot v1, https://goo.gl/fbAQLP

exports[`AgentStatTable component Renders correctly to match the snapshot 1`] = `
<AgentStatTable
  columns={
    Array [
      Object {
        "field": "location",
        "name": "Location",
        "sortable": true,
      },
      Object {
        "field": "events",
        "name": "Events",
        "sortable": true,
      },
      Object {
        "field": "bytes",
        "name": "Bytes",
        "sortable": true,
      },
    ]
  }
  end=""
  exportCSVFilename="agent-stats-10101-logcollector-global"
  items={Array []}
  loading={false}
  start=""
  title="Test"
>
  <EuiPanel>
    <div
      className="euiPanel euiPanel--paddingMedium euiPanel--borderRadiusMedium euiPanel--plain euiPanel--hasShadow"
    >
      <EuiFlexGroup
        justifyContent="spaceBetween"
      >
        <div
          className="euiFlexGroup euiFlexGroup--gutterLarge euiFlexGroup--justifyContentSpaceBetween euiFlexGroup--directionRow euiFlexGroup--responsive"
        >
          <EuiFlexItem
            grow={false}
          >
            <div
              className="euiFlexItem euiFlexItem--flexGrowZero"
            >
              <EuiText>
                <div
                  className="euiText euiText--medium"
                >
                  Test
                </div>
              </EuiText>
            </div>
          </EuiFlexItem>
          <EuiFlexItem
            grow={false}
          >
            <div
              className="euiFlexItem euiFlexItem--flexGrowZero"
            >
              <EuiText>
                <div
                  className="euiText euiText--medium"
                >
                  <EuiIcon
                    type="calendar"
                  >
                    <span
                      data-euiicon-type="calendar"
                    />
                  </EuiIcon>
                   Start:
                   
                  -
                   - End:
                   
                  -
                </div>
              </EuiText>
            </div>
          </EuiFlexItem>
        </div>
      </EuiFlexGroup>
      <EuiHorizontalRule
        margin="xs"
      >
        <hr
          className="euiHorizontalRule euiHorizontalRule--full euiHorizontalRule--marginXSmall"
        />
      </EuiHorizontalRule>
      <EuiInMemoryTable
        columns={
          Array [
            Object {
              "field": "location",
              "name": "Location",
              "sortable": true,
            },
            Object {
              "field": "events",
              "name": "Events",
              "sortable": true,
            },
            Object {
              "field": "bytes",
              "name": "Bytes",
              "sortable": true,
            },
          ]
        }
        items={Array []}
        loading={false}
        pagination={true}
        responsive={true}
        tableLayout="fixed"
      >
        <EuiBasicTable
          columns={
            Array [
              Object {
                "field": "location",
                "name": "Location",
                "sortable": true,
              },
              Object {
                "field": "events",
                "name": "Events",
                "sortable": true,
              },
              Object {
                "field": "bytes",
                "name": "Bytes",
                "sortable": true,
              },
            ]
          }
          items={Array []}
          loading={false}
          noItemsMessage={
            <EuiI18n
              default="No items found"
              token="euiBasicTable.noItemsMessage"
            />
          }
          onChange={[Function]}
          pagination={
            Object {
              "hidePerPageOptions": undefined,
              "pageIndex": 0,
              "pageSize": 10,
              "pageSizeOptions": Array [
                10,
                25,
                50,
              ],
              "totalItemCount": 0,
            }
          }
          responsive={true}
          tableLayout="fixed"
        >
          <div
            className="euiBasicTable"
          >
            <div>
              <EuiTableHeaderMobile>
                <div
                  className="euiTableHeaderMobile"
                >
                  <EuiFlexGroup
                    alignItems="baseline"
                    justifyContent="spaceBetween"
                    responsive={false}
                  >
                    <div
                      className="euiFlexGroup euiFlexGroup--gutterLarge euiFlexGroup--alignItemsBaseline euiFlexGroup--justifyContentSpaceBetween euiFlexGroup--directionRow"
                    >
                      <EuiFlexItem
                        grow={false}
                      >
                        <div
                          className="euiFlexItem euiFlexItem--flexGrowZero"
                        />
                      </EuiFlexItem>
                      <EuiFlexItem
                        grow={false}
                      >
                        <div
                          className="euiFlexItem euiFlexItem--flexGrowZero"
                        />
                      </EuiFlexItem>
                    </div>
                  </EuiFlexGroup>
                </div>
              </EuiTableHeaderMobile>
              <EuiTable
                id="htmlId"
                responsive={true}
                tableLayout="fixed"
              >
                <table
                  className="euiTable euiTable--responsive"
                  id="htmlId"
                  tabIndex={-1}
                >
                  <EuiScreenReaderOnly>
                    <caption
                      className="euiScreenReaderOnly euiTableCaption"
                    >
                      <EuiDelayRender
                        delay={500}
                      />
                    </caption>
                  </EuiScreenReaderOnly>
                  <EuiTableHeader>
                    <thead>
                      <tr>
                        <EuiTableHeaderCell
                          align="left"
                          data-test-subj="tableHeaderCell_location_0"
                          key="_data_h_location_0"
                        >
                          <th
                            className="euiTableHeaderCell"
                            data-test-subj="tableHeaderCell_location_0"
                            role="columnheader"
                            scope="col"
                            style={
                              Object {
                                "width": undefined,
                              }
                            }
                          >
                            <CellContents
                              className="euiTableCellContent"
                              showSortMsg={false}
                            >
                              <span
                                className="euiTableCellContent"
                              >
                                <EuiInnerText>
                                  <EuiI18n
                                    default="{innerText}; {description}"
                                    token="euiTableHeaderCell.titleTextWithDesc"
                                    values={
                                      Object {
                                        "description": undefined,
                                        "innerText": "Location",
                                      }
                                    }
                                  >
                                    <span
                                      className="euiTableCellContent__text"
                                      title="Location"
                                    >
                                      Location
                                    </span>
                                  </EuiI18n>
                                </EuiInnerText>
                              </span>
                            </CellContents>
                          </th>
                        </EuiTableHeaderCell>
                        <EuiTableHeaderCell
                          align="left"
                          data-test-subj="tableHeaderCell_events_1"
                          key="_data_h_events_1"
                        >
                          <th
                            className="euiTableHeaderCell"
                            data-test-subj="tableHeaderCell_events_1"
                            role="columnheader"
                            scope="col"
                            style={
                              Object {
                                "width": undefined,
                              }
                            }
                          >
                            <CellContents
                              className="euiTableCellContent"
                              showSortMsg={false}
                            >
                              <span
                                className="euiTableCellContent"
                              >
                                <EuiInnerText>
                                  <EuiI18n
                                    default="{innerText}; {description}"
                                    token="euiTableHeaderCell.titleTextWithDesc"
                                    values={
                                      Object {
                                        "description": undefined,
                                        "innerText": "Events",
                                      }
                                    }
                                  >
                                    <span
                                      className="euiTableCellContent__text"
                                      title="Events"
                                    >
                                      Events
                                    </span>
                                  </EuiI18n>
                                </EuiInnerText>
                              </span>
                            </CellContents>
                          </th>
                        </EuiTableHeaderCell>
                        <EuiTableHeaderCell
                          align="left"
                          data-test-subj="tableHeaderCell_bytes_2"
                          key="_data_h_bytes_2"
                        >
                          <th
                            className="euiTableHeaderCell"
                            data-test-subj="tableHeaderCell_bytes_2"
                            role="columnheader"
                            scope="col"
                            style={
                              Object {
                                "width": undefined,
                              }
                            }
                          >
                            <CellContents
                              className="euiTableCellContent"
                              showSortMsg={false}
                            >
                              <span
                                className="euiTableCellContent"
                              >
                                <EuiInnerText>
                                  <EuiI18n
                                    default="{innerText}; {description}"
                                    token="euiTableHeaderCell.titleTextWithDesc"
                                    values={
                                      Object {
                                        "description": undefined,
                                        "innerText": "Bytes",
                                      }
                                    }
                                  >
                                    <span
                                      className="euiTableCellContent__text"
                                      title="Bytes"
                                    >
                                      Bytes
                                    </span>
                                  </EuiI18n>
                                </EuiInnerText>
                              </span>
                            </CellContents>
                          </th>
                        </EuiTableHeaderCell>
                      </tr>
                    </thead>
                  </EuiTableHeader>
                  <EuiTableBody>
                    <tbody>
                      <EuiTableRow>
                        <tr
                          className="euiTableRow"
                        >
                          <EuiTableRowCell
                            align="center"
                            colSpan={3}
                            isMobileFullWidth={true}
                          >
                            <td
                              className="euiTableRowCell euiTableRowCell--isMobileFullWidth"
                              colSpan={3}
                              style={
                                Object {
                                  "width": undefined,
                                }
                              }
                            >
                              <div
                                className="euiTableCellContent euiTableCellContent--alignCenter"
                              >
                                <span
                                  className="euiTableCellContent__text"
                                >
                                  <EuiI18n
                                    default="No items found"
                                    token="euiBasicTable.noItemsMessage"
                                  >
                                    No items found
                                  </EuiI18n>
                                </span>
                              </div>
                            </td>
                          </EuiTableRowCell>
                        </tr>
                      </EuiTableRow>
                    </tbody>
                  </EuiTableBody>
                </table>
              </EuiTable>
            </div>
          </div>
        </EuiBasicTable>
      </EuiInMemoryTable>
      <EuiSpacer
        size="xs"
      >
        <div
          className="euiSpacer euiSpacer--xs"
        />
      </EuiSpacer>
      <EuiFlexGroup
        justifyContent="flexEnd"
      >
        <div
          className="euiFlexGroup euiFlexGroup--gutterLarge euiFlexGroup--justifyContentFlexEnd euiFlexGroup--directionRow euiFlexGroup--responsive"
        >
          <EuiFlexItem
            grow={false}
          >
            <div
              className="euiFlexItem euiFlexItem--flexGrowZero"
            >
              <EuiButtonEmpty
                iconType="importAction"
                isDisabled={false}
                onClick={[Function]}
              >
                <button
                  className="euiButtonEmpty euiButtonEmpty--primary"
                  disabled={false}
                  onClick={[Function]}
                  type="button"
                >
                  <EuiButtonContent
                    className="euiButtonEmpty__content"
                    iconSide="left"
                    iconSize="m"
                    iconType="importAction"
                    textProps={
                      Object {
                        "className": "euiButtonEmpty__text",
                      }
                    }
                  >
                    <span
                      className="euiButtonContent euiButtonEmpty__content"
                    >
                      <EuiIcon
                        className="euiButtonContent__icon"
                        color="inherit"
                        size="m"
                        type="importAction"
                      >
                        <span
                          className="euiButtonContent__icon"
                          color="inherit"
                          data-euiicon-type="importAction"
                          size="m"
                        />
                      </EuiIcon>
                      <span
                        className="euiButtonEmpty__text"
                      >
                        Download CSV
                      </span>
                    </span>
                  </EuiButtonContent>
                </button>
              </EuiButtonEmpty>
            </div>
          </EuiFlexItem>
        </div>
      </EuiFlexGroup>
    </div>
  </EuiPanel>
</AgentStatTable>
`;
